email this German Linux user group for translators: 
usergroups@medialinx-gruppe.de

From: http://wiki.ubuntu-women.org/Translators

Language        ISO      Name                             Email                      
Portuguese      pt       Susana                           <susana.pereira@gmail.com>    
Catalan                  Maria Soler                      <mariasolercliment@gmail.com> 
Tagalog                  Diana Jayne Gonzales             <di.gonzales@gmail.com>       
Swedish         sv       Lini Lekatt                      <beefybety@gmail.com>         
French          fr       John Chiazzese                   <oneidle@gmail.com>           
French          fr       Edith Cloutier                   <cloutieredith@gmail.com>     
Spanish         es       Florencia Mincucci               <florencia@mincucci.com.ar>   
Spanish         es       Melanie Chacon                   <melanie.chacon@gmail.com>    
Brazilian (Pt)  pt-BR    Melissa Weber Mendonça           <melissawm@gmail.com>         
Italian         it       Silvia Bindelli                  <silvia.bindelli@gmail.com>   
Italian         it       Gaia Talamini                    <gaia.talamini@gmail.com>     
Bengali                  Priyanka Naskar Majumder         <priyanka@eyedealab.com>      
Hindi                    Vibhav Pant                      <vibhavp@gmail.com>           
Burmese                  May Thu Aung                     <decembersnowlay15@gmail.com> 
Romanian        ro       Romina Caraba                    <romina.caraba@gmail.com>     
Dutch                    Anna Baas                        <annabaas@gmail.com>          
Arabic          ar       Nadeen                           <nadeen.fci@gmail.com>        
Norwegian       no       Renate Furre Sandvaer            <rfsandvaer@gmail.com>        
Greek           el       Leoni Gioti                      <leonigp@gmail.com>           

From: http://wiki.list.org/DEV/Languages#table
Arabic          ar        Munzir Taha                     <munzir@foss.org.sa>
Asturian        ast       Marcos Costales                 <marcoscostales@gmail.com>
Basque/Euskara  eu        Piarres Beobide                 <pi@beobide.net>
Bulgarian       bg        Alexander Shopov                <ash@contact.bg>
Catalan         ca        Jordi Mallach                   <jordi@sindominio.net> 
                          David Planella                  <david.planella@gmail.com>
Chinese         zh_CN     Leona                           <leona@cs.hit.edu.cn>
Chinese         zh_TW     Ping Yeh                        <ping@pingyeh.net>
Croatian        hr        Nino Katic                      <nkatic@public.srce.hr>
Czech           cs        Dan Ohnesorg                    <dan@ohnesorg.cz>
                          V. Stanovsky                    <stan@krnovsko.cz>
Danish          da        Tom G Christensen               <mm-da@statsbiblioteket.dk>
Dutch           nl        Jan Veuger                      <info@janveuger.com>
English (GB)    en_GB     Adam Bowen                      <adamb@agitate.org.uk>
Esperanto       eo        Marcio Malacarne                <malacarne@cce.ufes.br>
                          Sergey Tyrin                    <interdist@myrealbox.com>
Estonian        et        Anti Veeranna                   <duke@linux.ee>
Finnish         fi        Joni Töyrylä                    <info@jonitoyryla.eu>
French          fr        Pascal George                   <george@lyon.inserm.fr>
                          Ousmane Wilane                  <wilane@yahoo.com>
Galician        gl        Frco. Javier Rial Rodríguez     <fjrial@cesga.es>
German          de        Peer Heinlein                   <p.heinlein@jpberlin.de>
Greek           el        Antonis Limperis                <limperis@cti.gr>
Hungarian       hu        Vizi Szilard                    <vizisz@freemail.hu>
                          Gabor Funk                      <funk.gabor@hunetkft.hu>
Icelandic       is        Ólafur Garðarsson               <oli@edal.net>
Ido             io        Loïc Landais                    <loic.landais@wanadoo.fr>
Italian         it        Simone Piunno                   <pioppo@ferrara.linux.it>
Japanese        ja        Tokio Kikuchi                   <tkikuchi@is.kochi-u.ac.jp>
Korean          ko        song@yaimma.co.kr               <song@yaimma.co.kr>
Lithuanian      lt        Mantas Kriauciunas              <mantas@akl.lt>
Norwegian       no        Daniel Buchmann                 <Daniel.Buchmann@bibsys.no>
Persian         fa        Mahyar Moghimi                  <mahyar.moqimi@gmail.com> 
                          Javad Hoseini                   <javad2000@gmail.com>
Polish          pl        Bartosz Sawicki                 <sawickib@iem.pw.edu.pl>
                          Pawel Kolodziejczyk             <Pawel.Kolodziejczyk@comarch.pl>
                          Marcin Sochacki                 <wanted@mwd.pl>
                          Marcin Zaborowski               <m.zaborowski@il.pw.edu.pl>
Portuguese      pt        Gleydson Mazioli da Silva       <gleydson.mazioli@ima.sp.gov.br>
                          Rubens Queiroz de Almeida       <queiroz@ccuec.unicamp.br>
                pt_BR     Aleck Zander                    <aleck@unesp.br>
                          Jose Roberto Kerne              <joseroberto@dicaslinux.com.br>
                          Jose Paulo Moitinho de Almeida  <moitinho@civil.ist.utl.pt>
Romanian        ro        Stefaniu Criste                 <stefaniu.criste@hangarhosting.net>
Russian         ru        Danil Smirnov                   <danil@smirnov.la>
Serbian         sr        Bojan Suzic                     <bojan@trust-b.com>
Slovenian       sl        Uros Kositer                    <urosh@agenda.si>
Spanish         es        Juan Carlos Rey Anaya           <jcrey@uma.es>
Swedish         sv        Tomas Fasth                     <tomfa@debian.org>
                          Anders Norrbring                <anders@norrbring.biz>
Tamil           tam       Sri Ramadoss M                  <amachu.techie@gmail.com>
Turkish         tr        Kerem Erkan                     <kerem.erkan@basari.com.tr>
                          Erdinc Guler                    <eguler@aegee.metu.edu.tr>
Ukrainian       uk        Maxim Dzumanenko                <mvd@mylinux.com.ua>
Vietnamese      vi        Clytie Siddall                  <clytie@riverland.net.au>
Welsh           cy        Illtud Daniel                   <illtud.daniel@llgc.org.uk>


Argentina                 Victoria Martinez de la Cruz    <me@vmartinezdelacruz.com>
Egypt??                   Hanna Abu-sedu                  <hannaabusedu@gmail.com>
